[technext.github.io/product-admin/index.html]
[backblue.gif]
[fade.gif]
[index.html]
[technext.github.io/product-admin/css/fontawesome.min.css]
[technext.github.io/product-admin/css/bootstrap.min.css]
[technext.github.io/product-admin/css/templatemo-style.css]
[technext.github.io/product-admin/index-2.html]
[technext.github.io/product-admin/products.html]
[technext.github.io/product-admin/accounts.html]
[technext.github.io/product-admin/login.html]
[technext.github.io/product-admin/img/notification-01.jpg]
[technext.github.io/product-admin/img/notification-02.jpg]
[technext.github.io/product-admin/img/notification-03.jpg]
[technext.github.io/product-admin/js/jquery-3.3.1.min.js]
[technext.github.io/product-admin/js/moment.min.js]
[technext.github.io/product-admin/js/Chart.min.js]
[technext.github.io/product-admin/js/bootstrap.min.js]
[technext.github.io/product-admin/js/tooplate-scripts.js]
[technext.github.io/product-admin/index.html]
[technext.github.io/product-admin/webfonts/fa-brands-400.eot]
[technext.github.io/product-admin/webfonts/fa-brands-400d41d.eot]
[technext.github.io/product-admin/webfonts/fa-brands-400.woff2]
[technext.github.io/product-admin/webfonts/fa-brands-400.woff]
[technext.github.io/product-admin/webfonts/fa-brands-400.ttf]
[technext.github.io/product-admin/webfonts/fa-regular-400.eot]
[technext.github.io/product-admin/webfonts/fa-brands-400.svg]
[technext.github.io/product-admin/webfonts/fa-regular-400d41d.eot]
[technext.github.io/product-admin/webfonts/fa-regular-400.woff2]
[technext.github.io/product-admin/webfonts/fa-regular-400.woff]
[technext.github.io/product-admin/webfonts/fa-regular-400.ttf]
[technext.github.io/product-admin/webfonts/fa-regular-400.svg]
[technext.github.io/product-admin/webfonts/fa-solid-900.eot]
[technext.github.io/product-admin/webfonts/fa-solid-900d41d.eot]
[technext.github.io/product-admin/webfonts/fa-solid-900.woff2]
[technext.github.io/product-admin/webfonts/fa-solid-900.woff]
[technext.github.io/product-admin/webfonts/fa-solid-900.ttf]
[technext.github.io/product-admin/css/fontawesome.min.css]
[technext.github.io/product-admin/css/bootstrap.min.css]
[technext.github.io/product-admin/img/check-mark.png]
[technext.github.io/product-admin/webfonts/fa-solid-900.svg]
[technext.github.io/product-admin/img/arrow-down.png]
[technext.github.io/product-admin/css/templatemo-style.css]
[technext.github.io/product-admin/index-2.html]
[technext.github.io/product-admin/add-product.html]
[technext.github.io/product-admin/products.html]
[technext.github.io/product-admin/edit-product.html]
[technext.github.io/product-admin/img/avatar.png]
[technext.github.io/product-admin/accounts.html]
[technext.github.io/product-admin/login.html]
[technext.github.io/product-admin/webfonts/fa-brands-400.svg]
[technext.github.io/product-admin/webfonts/fa-regular-400.svg]
[technext.github.io/product-admin/webfonts/fa-solid-900.svg]
[technext.github.io/product-admin/jquery-ui-datepicker/jquery-ui.min.css]
[technext.github.io/product-admin/add-product.html]
[technext.github.io/product-admin/jquery-ui-datepicker/jquery-ui.min.js]
[technext.github.io/product-admin/img/product-image.jpg]
[technext.github.io/product-admin/edit-product.html]
[technext.github.io/product-admin/jquery-ui-datepicker/images/ui-bg_inset-hard_100_fcfdfd_1x100.png]
[technext.github.io/product-admin/jquery-ui-datepicker/images/ui-bg_gloss-wave_55_5c9ccc_500x100.png]
[technext.github.io/product-admin/jquery-ui-datepicker/images/ui-bg_glass_85_dfeffc_1x400.png]
[technext.github.io/product-admin/jquery-ui-datepicker/images/ui-bg_glass_75_d0e5f5_1x400.png]
[technext.github.io/product-admin/jquery-ui-datepicker/images/ui-bg_inset-hard_100_f5f8f9_1x100.png]
[technext.github.io/product-admin/jquery-ui-datepicker/images/ui-bg_glass_95_fef1ec_1x400.png]
[technext.github.io/product-admin/jquery-ui-datepicker/images/ui-icons_469bdd_256x240.png]
[technext.github.io/product-admin/jquery-ui-datepicker/images/ui-icons_d8e7f3_256x240.png]
[technext.github.io/product-admin/jquery-ui-datepicker/images/ui-icons_217bc0_256x240.png]
[technext.github.io/product-admin/jquery-ui-datepicker/images/ui-icons_f9bd01_256x240.png]
[technext.github.io/product-admin/jquery-ui-datepicker/images/ui-icons_2e83ff_256x240.png]
[technext.github.io/product-admin/jquery-ui-datepicker/images/ui-icons_cd0a0a_256x240.png]
[technext.github.io/product-admin/jquery-ui-datepicker/images/ui-icons_6da8d5_256x240.png]
[technext.github.io/product-admin/jquery-ui-datepicker/jquery-ui.min.css]
